io\github\ctliv\eventbus\EventBusAwareScope$3.class
io\github\ctliv\eventbus\listener\EventBusAwareInitListener.class
io\github\ctliv\eventbus\processor\EventBusAwareBeanPostProcessor.class
io\github\ctliv\eventbus\component\EventBusAwareScopeDialog.class
io\github\ctliv\eventbus\event\CancellableEvent.class
io\github\ctliv\eventbus\bus\EventBusAwareSyncBus.class
io\github\ctliv\eventbus\util\Utl.class
io\github\ctliv\eventbus\EventBusAware.class
io\github\ctliv\eventbus\component\EventBusAwareScopeDialog$Envelope.class
io\github\ctliv\eventbus\EventBusAwareScope$1.class
io\github\ctliv\eventbus\event\PayloadEvent.class
io\github\ctliv\eventbus\event\ModelEvent$ModelAction.class
io\github\ctliv\eventbus\event\ModelEvent.class
io\github\ctliv\eventbus\EventBusAwareConfiguration.class
io\github\ctliv\eventbus\event\QuestionEvent.class
io\github\ctliv\eventbus\event\RequestEvent.class
io\github\ctliv\eventbus\bus\EventBusAwareBus.class
io\github\ctliv\eventbus\component\EventBusAwareScopeDialog$BusDetail.class
io\github\ctliv\eventbus\event\BaseEvent.class
io\github\ctliv\eventbus\EventBusAwareScope$4.class
io\github\ctliv\eventbus\EnableEventBusAware.class
io\github\ctliv\eventbus\component\EventBusAwareStatusGrid.class
io\github\ctliv\eventbus\bus\EventBusAwareAsyncBus.class
io\github\ctliv\eventbus\EventBusAwareScope.class
io\github\ctliv\eventbus\EventBusAwareScope$2.class
