C:\Users\toncelli\Dev\workspace\event-bus-aware-addon\src\main\java\io\github\ctliv\eventbus\bus\EventBusAwareSyncBus.java
C:\Users\toncelli\Dev\workspace\event-bus-aware-addon\src\main\java\io\github\ctliv\eventbus\EventBusAware.java
C:\Users\toncelli\Dev\workspace\event-bus-aware-addon\src\main\java\io\github\ctliv\eventbus\event\BaseEvent.java
C:\Users\toncelli\Dev\workspace\event-bus-aware-addon\src\main\java\io\github\ctliv\eventbus\bus\EventBusAwareAsyncBus.java
C:\Users\toncelli\Dev\workspace\event-bus-aware-addon\src\main\java\io\github\ctliv\eventbus\event\QuestionEvent.java
C:\Users\toncelli\Dev\workspace\event-bus-aware-addon\src\main\java\io\github\ctliv\eventbus\bus\EventBusAwareBus.java
C:\Users\toncelli\Dev\workspace\event-bus-aware-addon\src\main\java\io\github\ctliv\eventbus\util\EbaUtl.java
C:\Users\toncelli\Dev\workspace\event-bus-aware-addon\src\main\java\io\github\ctliv\eventbus\EventBusAwareConfiguration.java
C:\Users\toncelli\Dev\workspace\event-bus-aware-addon\src\main\java\io\github\ctliv\eventbus\listener\EventBusAwareInitListener.java
C:\Users\toncelli\Dev\workspace\event-bus-aware-addon\src\main\java\io\github\ctliv\eventbus\event\PayloadEvent.java
C:\Users\toncelli\Dev\workspace\event-bus-aware-addon\src\main\java\io\github\ctliv\eventbus\EventBusAwareScope.java
C:\Users\toncelli\Dev\workspace\event-bus-aware-addon\src\main\java\io\github\ctliv\eventbus\event\CancellableEvent.java
C:\Users\toncelli\Dev\workspace\event-bus-aware-addon\src\main\java\io\github\ctliv\eventbus\event\ModelEvent.java
C:\Users\toncelli\Dev\workspace\event-bus-aware-addon\src\main\java\io\github\ctliv\eventbus\event\RequestEvent.java
C:\Users\toncelli\Dev\workspace\event-bus-aware-addon\src\main\java\io\github\ctliv\eventbus\processor\EventBusAwareBeanPostProcessor.java
C:\Users\toncelli\Dev\workspace\event-bus-aware-addon\src\main\java\io\github\ctliv\eventbus\EnableEventBusAware.java
